// Jest Snapshot v1, https://goo.gl/fbAQLP

exports[`COLORS should have expected values 1`] = `
Object {
  "black": "#000000",
  "black2": "#262A34",
  "green": "#32BF00",
  "grey1": "#CFCFCF",
  "grey2": "#DDDDDD",
  "grey3": "#9e9e9e",
  "orange": "#FF6600",
  "red": "#CC3300",
  "transparent": "rgba(0,0,0,0)",
  "white": "#ffffff",
}
`;
